// Jest Snapshot v1, https://goo.gl/fbAQLP

exports[`Shoe Detail component renders Shoe Detail 1`] = `
<DocumentFragment>
  <section
    class="section"
  >
    <h3 />
    <img />
    <p>
      Best for running on 
    </p>
    <p>
      Rating:  stars
    </p>
    <p>
      Durable for up to  miles
    </p>
  </section>
</DocumentFragment>
`;
